======================================================================
  EzPrint Full Test Report
======================================================================

----------------------------------------------------------------------
FILE: test_crash_chain_fix.py
----------------------------------------------------------------------
  EXIT CODE: 0
  STDOUT:
    ============================================================
      EzPrint Crash Chain Fix — Verification Tests
    ============================================================
    
    ── TEST 1: @safe_printer_action return value ──
    ERROR: A printer error occurred.
    Please check your printer connection and try again.
    DETAILS: Printer error: Simulated corrupted PDF error
      ✅ PASS: Returns non-None
      ✅ PASS: Returns tuple type
      ✅ PASS: Tuple has 2 elements
      ✅ PASS: ok is False
      ✅ PASS: msg is non-empty string
      ✅ PASS: Tuple unpacking succeeds
    
    ── TEST 2: None result guard ──
      ✅ PASS: run() completes without crash
      ✅ PASS: job_failed emitted
      ✅ PASS: job_id correct
      ✅ PASS: msg mentions internal error
      ✅ PASS: job_completed NOT emitted
    
    ── TEST 3: (False, msg) result handling ──
      ✅ PASS: run() completes without crash
      ✅ PASS: job_failed emitted
      ✅ PASS: job_id correct
      ✅ PASS: msg is 'Printer offline'
      ✅ PASS: job_completed NOT emitted
    
    ── TEST 4: (True, 'ok') success result ──
      ✅ PASS: run() completes without crash
      ✅ PASS: job_failed NOT emitted
      ✅ PASS: Printing Started reported
    
    ── TEST 5: job_failed.emit() throws → fallback logger ──
      ✅ PASS: run() completes without crash
      ✅ PASS: job_failed.emit was attempted
      ✅ PASS: Logger fallback fired
      ✅ PASS: Log mentions CRITICAL
    
    ── BONUS: End-to-end crash chain ──
      ✅ PASS: No TypeError during unpacking
      ✅ PASS: ok is False
      ✅ PASS: msg contains error info
    
    ============================================================
      ✅ ALL 26 CHECKS PASSED
    ============================================================
  STDERR (last 800 chars):
    ROR - 
    ================================================================================
    ERROR - 2026-03-05 19:53:02
    Context: E2E_TEST
    Thread: MainThread
    Error Details:
    Printer Error in E2E_TEST: fitz.FileDataError: corrupted PDF document
    Traceback (most recent call last):
      File "C:\Users\Asus\Desktop\EzPrint - MVP level Fixes done - Copy\shared\global_error_handler.py", line 315, in wrapper
        return func(*args, **kwargs)
               ^^^^^^^^^^^^^^^^^^^^^
      File "C:\Users\Asus\Desktop\EzPrint - MVP level Fixes done - Copy\test_crash_chain_fix.py", line 342, in simulate_corrupted_pdf_print
        raise Exception("fitz.FileDataError: corrupted PDF document")
    Exception: fitz.FileDataError: corrupted PDF document
    
    ================================================================================
    

----------------------------------------------------------------------
FILE: test_db.py
----------------------------------------------------------------------
  EXIT CODE: 0
  STDOUT:
    Loaded DB URL:
    postgresql+psycopg2://postgres.buzentjlnikdacwdexbi:sankalp7020@aws-1-ap-south-1.pooler.supabase.com:6543/postgres?sslmode=require
    Connected: 1

----------------------------------------------------------------------
FILE: test_db_connection.py
----------------------------------------------------------------------
  EXIT CODE: 0
  STDOUT:
    Cloudinary Cloud Name: dlimcfiru
    Testing Database Connection...
    [+] Attempting to connect to: postgresql+psycopg2://***@***
    [+] SUCCESS: Database connection established!

----------------------------------------------------------------------
FILE: test_eventlet.py
----------------------------------------------------------------------
  EXIT CODE: 0
  STDOUT:
    Worker started
    Worker finished
    Main finished
  STDERR (last 800 chars):
    1 RLock(s) were not greened, to fix this error make sure you run eventlet.monkey_patch() before importing any other modules.

----------------------------------------------------------------------
FILE: test_socketio.py
----------------------------------------------------------------------
  STATUS: TIMEOUT (30s)

----------------------------------------------------------------------
FILE: test_step3_migration.py
----------------------------------------------------------------------
  EXIT CODE: 1
  STDOUT:
    --- Starting Phase 1 Step 3 Test ---
  STDERR (last 800 chars):
    rs\Asus\AppData\Local\Programs\Python\Python311\Lib\asyncio\runners.py", line 118, in run
        return self._loop.run_until_complete(task)
               ^^^^^^^^^^^^^^^^^^^^^^^^^^^^^^^^^^^
      File "C:\Users\Asus\AppData\Local\Programs\Python\Python311\Lib\asyncio\base_events.py", line 654, in run_until_complete
        return future.result()
               ^^^^^^^^^^^^^^^
      File "C:\Users\Asus\Desktop\EzPrint - MVP level Fixes done - Copy\test_step3_migration.py", line 26, in test_migration_step_3
        await sio.connect(WEB_URL, namespaces=["/shops"])
      File "C:\Users\Asus\Desktop\EzPrint - MVP level Fixes done - Copy\venv\Lib\site-packages\socketio\asyncio_client.py", line 163, in connect
        raise exceptions.ConnectionError(
    socketio.exceptions.ConnectionError: One or more namespaces failed to connect

----------------------------------------------------------------------
FILE: test_step4_migration.py
----------------------------------------------------------------------
  EXIT CODE: 1
  STDOUT:
    --- Starting Phase 1 Step 4 Test ---
  STDERR (last 800 chars):
    op.run_until_complete(task)
               ^^^^^^^^^^^^^^^^^^^^^^^^^^^^^^^^^^^
      File "C:\Users\Asus\AppData\Local\Programs\Python\Python311\Lib\asyncio\base_events.py", line 654, in run_until_complete
        return future.result()
               ^^^^^^^^^^^^^^^
      File "C:\Users\Asus\Desktop\EzPrint - MVP level Fixes done - Copy\test_step4_migration.py", line 45, in test_migration_step_4
        print(f"\u274c Failed to connect to {WEB_URL}/shops: {e}")
      File "C:\Users\Asus\AppData\Local\Programs\Python\Python311\Lib\encodings\cp1252.py", line 19, in encode
        return codecs.charmap_encode(input,self.errors,encoding_table)[0]
               ^^^^^^^^^^^^^^^^^^^^^^^^^^^^^^^^^^^^^^^^^^^^^^^^^^^^^^^
    UnicodeEncodeError: 'charmap' codec can't encode character '\u274c' in position 0: character maps to <undefined>

----------------------------------------------------------------------
FILE: test_step5_client.py
----------------------------------------------------------------------
  EXIT CODE: 0
  STDOUT:
    Cloudinary Cloud Name: dlimcfiru
  STDERR (last 800 chars):
     /socket.io/?transport=polling&EIO=4&t=1772720625.2985094 (Caused by NewConnectionError("HTTPConnection(host='localhost', port=5000): Failed to establish a new connection: [WinError 10061] No connection could be made because the target machine actively refused it")). Retrying in 1s...
    2026-03-05 19:53:50,301 - TestClient - ERROR - Connection failed! Make sure the server is running on port 5025.
    2026-03-05 19:53:50,301 - TestClient - INFO - Start the server using: python web_interface/app.py (ensure port is 5025 in app.py or env)
    2026-03-05 19:53:50,400 - shopkeeper_app.socketio_client - INFO - Attempting SocketIO connection to http://localhost:5000 namespace /shops
    2026-03-05 19:53:52,301 - TestClient - INFO - Stopping client...
    2026-03-05 19:53:52,301 - TestClient - INFO - Test finished.

----------------------------------------------------------------------
FILE: test_url_processor.py
----------------------------------------------------------------------
  EXIT CODE: 0
  STDOUT:
    Cloudinary Cloud Name: dlimcfiru
    --- Testing File Processor with Cloudinary URL ---
    Uploading C:\Users\Asus\AppData\Local\Temp\tmpsmxury4e.txt to Cloudinary...
    Cloudinary URL: ('https://res.cloudinary.com/dlimcfiru/raw/upload/s--yjP__TQi--/v1/ezprint/test_shop/tmpsmxury4e_gbhp30.txt', 'ezprint/test_shop/tmpsmxury4e_gbhp30.txt')
    
    Testing get_page_count(url, 'txt')...
    Page Count Result: 1
    
    Testing normalize_document_for_preview(url, 'txt')...
    DEBUG: LibreOffice found at: None
    Error during document normalization: stat: path should be string, bytes, os.PathLike or integer, not tuple
    Normalized Path: ('https://res.cloudinary.com/dlimcfiru/raw/upload/s--yjP__TQi--/v1/ezprint/test_shop/tmpsmxury4e_gbhp30.txt', 'ezprint/test_shop/tmpsmxury4e_gbhp30.txt')
    ERROR during testing: stat: path should be string, bytes, os.PathLike or integer, not tuple
  STDERR (last 800 chars):
    Traceback (most recent call last):
      File "C:\Users\Asus\Desktop\EzPrint - MVP level Fixes done - Copy\test_url_processor.py", line 38, in test_file_processor_with_url
        if os.path.exists(norm_path) and norm_path.endswith('.pdf'):
           ^^^^^^^^^^^^^^^^^^^^^^^^^
      File "<frozen genericpath>", line 19, in exists
    TypeError: stat: path should be string, bytes, os.PathLike or integer, not tuple

----------------------------------------------------------------------
FILE: scripts\test_duplex_flag.py
----------------------------------------------------------------------
  EXIT CODE: 0
  STDOUT:
    ==============================================================
    |        EzPrint - Duplex Fix Verification Test Suite         |
    |  Validates DEVMODE.Duplex flag without a physical printer   |
    ==============================================================
    
      [OK] Virtual printer found: "Microsoft Print to PDF"
    
      Reference constants:
        win32con.DMDUP_SIMPLEX    = 1
        win32con.DMDUP_VERTICAL   = 2
        win32con.DMDUP_HORIZONTAL = 3
    
    --- Test Results -------------------------------------------
    
      [[92mPASS[0m] 01  DEVMODE struct creation
             dm.Duplex initial value = 0
      [[92mPASS[0m] 02  Duplex flag assignment (DMDUP_VERTICAL = 2)
             Expected dm.Duplex == 2, got 2  (DMDUP_VERTICAL   (long-edge duplex))
      [[92mPASS[0m] 03  Duplex flag != DMDUP_SIMPLEX after fix
             dm.Duplex = 2 — correctly NOT simplex
      [[92mPASS[0m] 04  Simplex path leaves Duplex at default
             Default dm.Duplex = 0 — OK (simplex/unset)
      [[92mPASS[0m] 05  Round-trip: CreatePrinterDC + ResetDC with duplex flag
             ResetDC called successfully but driver readback = 1.
             This is expected — 'Microsoft Print to PDF' has no duplex hardware.
             The important thing is the fix code PATH executed without error.
    
    --- Summary ------------------------------------------------
    
      Total : 5
      Passed: 5
      Failed: 0
    
      [92m[PASS] ALL TESTS PASSED -- duplex fix is correctly applied.[0m
        DEVMODE.Duplex is set to DMDUP_VERTICAL (2) when
        print_side == "Double", and remains untouched otherwise.
    

----------------------------------------------------------------------
FILE: scripts\test_duplicate_upload.py
----------------------------------------------------------------------
  EXIT CODE: 0
  STDOUT:
    Cloudinary Cloud Name: dlimcfiru
    
    --- Setup ---
      Shop A: test-dedup-A-45aeb650
      Shop B: test-dedup-B-b15fbe6c
    
    TEST 1: Two identical jobs within 10s -> second is blocked
      [PASS] Duplicate detected
      [PASS] Returns original job_id  (original=e2a544ad, found=e2a544ad)
    
    TEST 2: Same file after 10s window -> allowed (not a duplicate)
      [PASS] Old job NOT flagged as duplicate  (found=None)
    
    TEST 3: Same shop, different filename -> allowed
      [PASS] Different filename not blocked
    
    TEST 4: Same filename, different shop -> allowed
      [PASS] Different shop not blocked
    
    TEST 5: Same filename+shop, different file_size -> allowed
      [PASS] Different size not blocked
    
    TEST 6: UI-side _uploadInFlight guard exists in upload.js
      [PASS] _uploadInFlight variable declared
      [PASS] Guard check in PRINT handler
      [PASS] Flag set to true in both flows  (found 2 set-to-true occurrences)
      [PASS] Flag reset in finally blocks  (found 2 reset-to-false occurrences)
    
    Cleaning up test data...
      Cleanup OK
    
    ==================================================
    Results: 10/10 passed, 0/10 failed
    OK - All tests passed
    ==================================================

----------------------------------------------------------------------
FILE: scripts\test_job_recovery.py
----------------------------------------------------------------------
  EXIT CODE: 0
  STDOUT:
    Cloudinary Cloud Name: dlimcfiru
    
    --- Setup ---
      Created job 819429b2  status='In Queue'
      Created job 47bad924  status='Printing Started'
      Created job 8793f221  status='Processing'
      Created job 3435eff1  status='Printing'
      Created job 3f831efd  status='Pending'
      Created job d0a3bc19  status='Completed'
      Created job 6eb0ca4a  status='Failed'
      Created job 0b93eeca  status='Cancelled'
      Total: 4 transient + 4 safe = 8 jobs
    
    TEST 1: Transient jobs are marked Failed with descriptive message
      [PASS] Recovery returned correct count  (count=4)
      [PASS] Job 819429b2 status is Failed  (status='Failed')
      [PASS] Job 819429b2 has 'Interrupted' in error_message  (error_message='Interrupted - app closed while job was "In Queue". Please ve...')
      [PASS] Job 47bad924 status is Failed  (status='Failed')
      [PASS] Job 47bad924 has 'Interrupted' in error_message  (error_message='Interrupted - app closed while job was "Printing Started". P...')
      [PASS] Job 8793f221 status is Failed  (status='Failed')
      [PASS] Job 8793f221 has 'Interrupted' in error_message  (error_message='Interrupted - app closed while job was "Processing". Please ...')
      [PASS] Job 3435eff1 status is Failed  (status='Failed')
      [PASS] Job 3435eff1 has 'Interrupted' in error_message  (error_message='Interrupted - app closed while job was "Printing". Please ve...')
    
    TEST 2: Non-transient jobs are NOT modified
      [PASS] Job 3f831efd still 'Pending'  (status='Pending')
      [PASS] Job d0a3bc19 still 'Completed'  (status='Completed')
      [PASS] Job 6eb0ca4a still 'Failed'  (status='Failed')
      [PASS] Job 0b93eeca still 'Cancelled'  (status='Cancelled')
    
    TEST 3: Running recovery again with no transient jobs -> no-op
      [PASS] Second recovery is a no-op  (count=0)
    
    TEST 4: DB error during recovery -> rollback, no crash
      [PASS] No crash on DB error
      [PASS] Recovery returned error sentinel  (count=-1)
      [PASS] Job still 'In Queue' after rollback  (status='In Queue')
      [PASS] Session still usable
    
    Cleaning up test data...
      Cleanup OK
    
    ==================================================
    Results: 18/18 passed, 0/18 failed
    OK - All tests passed
    ==================================================
  STDERR (last 800 chars):
    WARNING:__main__:Startup recovery: job 819429b2-cb7c-49e4-91a2-09f66b03510a changed from 'In Queue' to 'Failed' (interrupted)
    WARNING:__main__:Startup recovery: job 47bad924-e69f-420d-8b0b-a52854bf013e changed from 'Printing Started' to 'Failed' (interrupted)
    WARNING:__main__:Startup recovery: job 8793f221-906b-48ab-aea9-8a92c3c11c9f changed from 'Processing' to 'Failed' (interrupted)
    WARNING:__main__:Startup recovery: job 3435eff1-12a4-4931-ae2a-4b8dba8d8a3d changed from 'Printing' to 'Failed' (interrupted)
    WARNING:__main__:Startup recovery: job 9e8cec99-c627-4d2e-9363-3c62cd120297 changed from 'In Queue' to 'Failed' (interrupted)
    ERROR:__main__:Startup job recovery failed: Simulated DB failure

----------------------------------------------------------------------
FILE: scripts\test_printer_status_db.py
----------------------------------------------------------------------
  EXIT CODE: 0
  STDOUT:
    TEST 1: Real printer name -> is_active updated in DB
      [PASS] is_active set to False  (is_active=False)
      [PASS] is_active set to True  (is_active=True)
    
    TEST 2: Fake printer name -> graceful failure, no crash
      [PASS] No crash with fake name
      [PASS] Original row unchanged  (is_active=True)
    
    TEST 3: Simulated DB error -> rollback, session not corrupted
      [PASS] No crash on DB error
      [PASS] Rollback preserved old value  (is_active=False)
      [PASS] Session still usable after error  (query returned 1 rows)
    
    Cleaning up test data...
      Cleanup OK
    
    ==================================================
    Results: 7/7 passed, 0/7 failed
    OK - All tests passed
    ==================================================
  STDERR (last 800 chars):
    ERROR:__main__:Error updating printer status in DB: Simulated DB failure

----------------------------------------------------------------------
FILE: scripts\tests\test_cloudinary.py
----------------------------------------------------------------------
  EXIT CODE: 1
  STDOUT:
  STDERR (last 800 chars):
    nv\Lib\site-packages\cloudinary\uploader.py", line 45, in upload
        return call_cacheable_api("upload", params, file=file, **options)
               ^^^^^^^^^^^^^^^^^^^^^^^^^^^^^^^^^^^^^^^^^^^^^^^^^^^^^^^^^^
      File "C:\Users\Asus\Desktop\EzPrint - MVP level Fixes done - Copy\venv\Lib\site-packages\cloudinary\uploader.py", line 462, in call_cacheable_api
        result = call_api(action, params, http_headers, return_error, unsigned, file, timeout, **options)
                 ^^^^^^^^^^^^^^^^^^^^^^^^^^^^^^^^^^^^^^^^^^^^^^^^^^^^^^^^^^^^^^^^^^^^^^^^^^^^^^^^^^^^^^^^
      File "C:\Users\Asus\Desktop\EzPrint - MVP level Fixes done - Copy\venv\Lib\site-packages\cloudinary\uploader.py", line 527, in call_api
        raise Error(result["error"]["message"])
    cloudinary.exceptions.Error: Invalid api_key 695264972578198

----------------------------------------------------------------------
FILE: scripts\tests\test_cloudinary_integration.py
----------------------------------------------------------------------
  EXIT CODE: 1
  STDOUT:
    
    ============================================================
    CLOUDINARY INTEGRATION VERIFICATION
    ============================================================
    
    ============================================================
    TEST 1: Cloudinary Upload
    ============================================================
    Created test file: C:\Users\Asus\AppData\Local\Temp\tmp9a85w2z6.txt
      Uploading to Cloudinary...
    Upload successful!
      Cloudinary URL: ('https://res.cloudinary.com/dlimcfiru/raw/upload/s--wCrh6UOG--/v1/ezprint/test_shop/tmp9a85w2z6_rrl8dy.txt', 'ezprint/test_shop/tmp9a85w2z6_rrl8dy.txt')
    Test failed: 'tuple' object has no attribute 'startswith'
  STDERR (last 800 chars):
     no attribute 'startswith'
    Traceback (most recent call last):
      File "C:\Users\Asus\Desktop\EzPrint - MVP level Fixes done - Copy\scripts\tests\test_cloudinary_integration.py", line 203, in <module>
        success = main()
                  ^^^^^^
      File "C:\Users\Asus\Desktop\EzPrint - MVP level Fixes done - Copy\scripts\tests\test_cloudinary_integration.py", line 175, in main
        print("\n\u26a0 Skipping desktop download test (upload failed)")
      File "C:\Users\Asus\AppData\Local\Programs\Python\Python311\Lib\encodings\cp1252.py", line 19, in encode
        return codecs.charmap_encode(input,self.errors,encoding_table)[0]
               ^^^^^^^^^^^^^^^^^^^^^^^^^^^^^^^^^^^^^^^^^^^^^^^^^^^^^^^
    UnicodeEncodeError: 'charmap' codec can't encode character '\u26a0' in position 2: character maps to <undefined>

----------------------------------------------------------------------
FILE: scripts\tests\test_db_connection.py
----------------------------------------------------------------------
  EXIT CODE: 1
  STDOUT:
  STDERR (last 800 chars):
    Traceback (most recent call last):
      File "C:\Users\Asus\Desktop\EzPrint - MVP level Fixes done - Copy\scripts\tests\test_db_connection.py", line 11, in <module>
        from shared.database import engine, init_database, SessionLocal
    ModuleNotFoundError: No module named 'shared'

----------------------------------------------------------------------
FILE: scripts\tests\test_filter_logic.py
----------------------------------------------------------------------
  EXIT CODE: 0
  STDOUT:
    ================================================================================
    BEFORE FILTERING:
    ================================================================================
      - HP LaserJet P1007 (USB005)
      - HP LaserJet P1007 (Copy 1) (USB006)
      - Microsoft Print to PDF (PORTPROMPT:)
      - Canon Printer (USB001)
      - Canon Printer (Copy 2) (USB002)
    
    Total: 5 printers
    [FILTERED] Duplicate queue: HP LaserJet P1007 (Copy 1)
    
    [FILTERED] Virtual printer: Microsoft Print to PDF
    [FILTERED] Duplicate queue: Canon Printer (Copy 2)
    
    ================================================================================
    AFTER FILTERING:
    ================================================================================
      - HP LaserJet P1007 (USB005)
      - Canon Printer (USB001)
    
    Total: 2 printers
    
    ================================================================================
    VERIFICATION:
    ================================================================================
    [PASS] No (Copy X) printers in filtered list
    [PASS] No virtual printers in filtered list
    [PASS] Exactly 1 HP LaserJet P1007 in filtered list
    [PASS] Exactly 1 Canon Printer in filtered list
    
    ================================================================================
    TEST COMPLETE - ALL CHECKS PASSED
    ================================================================================

----------------------------------------------------------------------
FILE: scripts\tests\test_inference.py
----------------------------------------------------------------------
  EXIT CODE: 0
  STDOUT:
    Capabilities for 'Canon G2000 series Printer': {'is_color': False, 'is_duplex': False, 'type': 'single'}

----------------------------------------------------------------------
FILE: scripts\tests\test_security_and_config.py
----------------------------------------------------------------------
  EXIT CODE: 1
  STDOUT:
  STDERR (last 800 chars):
    Traceback (most recent call last):
      File "C:\Users\Asus\Desktop\EzPrint - MVP level Fixes done - Copy\scripts\tests\test_security_and_config.py", line 4, in <module>
        import pytest
    ModuleNotFoundError: No module named 'pytest'


======================================================================
  SUMMARY
======================================================================

  Total test scripts: 19
  Passed: 12
  Failed: 6
  Errors/Timeouts: 1

  FAILURES:
    [TIMEOUT] test_socketio.py (exit code: -1)
      Script did not complete within 30s

    [FAIL] test_step3_migration.py (exit code: 1)
      io.connect(WEB_URL, namespaces=["/shops"])
        File "C:\Users\Asus\Desktop\EzPrint - MVP level Fixes done - Copy\venv\Lib\site-packages\socketio\asyncio_client.py", line 163, in connect
          raise exceptions.ConnectionError(
      socketio.exceptions.ConnectionError: One or more namespaces failed to connect

    [FAIL] test_step4_migration.py (exit code: 1)
      n311\Lib\encodings\cp1252.py", line 19, in encode
          return codecs.charmap_encode(input,self.errors,encoding_table)[0]
                 ^^^^^^^^^^^^^^^^^^^^^^^^^^^^^^^^^^^^^^^^^^^^^^^^^^^^^^^
      UnicodeEncodeError: 'charmap' codec can't encode character '\u274c' in position 0: character maps to <undefined>

    [FAIL] scripts\tests\test_cloudinary.py (exit code: 1)
      ^^^^^^^^^^^^^^^^^^^^^^^^^^^^^^^^^^^^^^^^^^^^^^^^^^^^^^^^
        File "C:\Users\Asus\Desktop\EzPrint - MVP level Fixes done - Copy\venv\Lib\site-packages\cloudinary\uploader.py", line 527, in call_api
          raise Error(result["error"]["message"])
      cloudinary.exceptions.Error: Invalid api_key 695264972578198

    [FAIL] scripts\tests\test_cloudinary_integration.py (exit code: 1)
      n311\Lib\encodings\cp1252.py", line 19, in encode
          return codecs.charmap_encode(input,self.errors,encoding_table)[0]
                 ^^^^^^^^^^^^^^^^^^^^^^^^^^^^^^^^^^^^^^^^^^^^^^^^^^^^^^^
      UnicodeEncodeError: 'charmap' codec can't encode character '\u26a0' in position 2: character maps to <undefined>

    [FAIL] scripts\tests\test_db_connection.py (exit code: 1)
      Traceback (most recent call last):
        File "C:\Users\Asus\Desktop\EzPrint - MVP level Fixes done - Copy\scripts\tests\test_db_connection.py", line 11, in <module>
          from shared.database import engine, init_database, SessionLocal
      ModuleNotFoundError: No module named 'shared'

    [FAIL] scripts\tests\test_security_and_config.py (exit code: 1)
      Traceback (most recent call last):
        File "C:\Users\Asus\Desktop\EzPrint - MVP level Fixes done - Copy\scripts\tests\test_security_and_config.py", line 4, in <module>
          import pytest
      ModuleNotFoundError: No module named 'pytest'

======================================================================
